{% load staticfiles %}
<!DOCTYPE html>
<html lang="en">

<head>

  <meta charset="utf-8">
  <meta name="viewport" content="width=device-width, initial-scale=1, shrink-to-fit=no">
  <meta name="description" content="">
  <meta name="author" content="">

  <title>Golden Shoe</title>

  <!-- Bootstrap core CSS -->
  <link href="https://stackpath.bootstrapcdn.com/bootstrap/4.3.1/css/bootstrap.min.css" rel="stylesheet" id="bootstrap-css">

  <!-- Custom styles for this template -->

<script src="//cdnjs.cloudflare.com/ajax/libs/jquery/3.2.1/jquery.min.js"></script>

 
  <script src="https://code.jquery.com/jquery-3.2.1.slim.min.js" integrity="sha384-KJ3o2DKtIkvYIK3UENzmM7KCkRr/rE9/Qpg6aAZGJwFDMVNA/GpGFF93hXpG5KkN" crossorigin="anonymous"></script>
<script src="https://cdnjs.cloudflare.com/ajax/libs/popper.js/1.12.9/umd/popper.min.js" integrity="sha384-ApNbgh9B+Y1QKtv3Rn7W3mgPxhU9K/ScQsAP7hUibX39j7fakFPskvXusvfa0b4Q" crossorigin="anonymous"></script>
<script src="https://maxcdn.bootstrapcdn.com/bootstrap/4.0.0/js/bootstrap.min.js" integrity="sha384-JZR6Spejh4U02d8jOt6vLEHfe/JQGiRRSQQxSfFWpi1MquVdAyjUar5+76PVCmYl" crossorigin="anonymous"></script>
  <link href="https://maxcdn.bootstrapcdn.com/font-awesome/4.7.0/css/font-awesome.min.css" rel="stylesheet">
<link href="https://fonts.googleapis.com/css?family=Oswald|PT+Sans" rel="stylesheet"> 


 <link href="{% static '/css/shop-homepage.css' %}" rel="stylesheet">
  <link href="{% static '/css/chatbot.css' %}" rel="stylesheet">


</head>


<body>

  <!-- Navigation -->
 <nav class="navbar navbar-expand-lg navedit navbar-dark fixed-top">
    <div class="container">
      <a class="navbar-brand" href="#">Golden Shoe</a>
      <button class="navbar-toggler" type="button" data-toggle="collapse" data-target="#navbarResponsive" aria-controls="navbarResponsive" aria-expanded="false" aria-label="Toggle navigation">
        <span class="navbar-toggler-icon"></span>
      </button>

            <form class="form-inline my-2 my-lg-0">
                <div class="input-group input-group-sm">
                    <input type="text" class="form-control" aria-label="Small" aria-describedby="inputGroup-sizing-sm" placeholder="Search...">
                    <div class="input-group-append">
                        <button type="button" class="btn btn-secondary btn-number">
                            <i class="fa fa-search"></i>
                        </button>
                    </div>
                </div>
              </form>
      <div class="collapse navbar-collapse" id="navbarResponsive">
        <ul class="navbar-nav ml-auto">
          <li class="nav-item active">
            <a class="nav-link" href="{% url 'home' %}">Home
              <span class="sr-only">(current)</span>
            </a>
          </li>
          <li class="nav-item">
            <a class="nav-link" href="/track/">Order Tracking</a>
          </li>
          <li class="nav-item">
            <a class="nav-link" href="#products">Products</a>
          </li>
          <li class="nav-item">
            <a class="nav-link" href="#contact">Contact</a>
          </li>
              <a class="btn btn-success btn-sm ml-3" href="#">
                    <i class="fa fa-shopping-cart"></i> Checkout
                    <span class="badge badge-light">2</span>
                </a>
        </ul>
      </div>
    </div>
  </nav>

  <div class="gps-strip thin student">
        <div class="activeMsg"><a href="#"><span class="percent">20% Off</span></a></div>
        <div><a href="#" data-toggle="modal" data-target="#myModal">Online Student Weekender</a></div>
        <div><a href="#"><span>With</span> <img src="https://support.footasylum.co.uk/footasylum/images/student-hub/unidays-logo.svg" alt="Unidays Logo"></a></div>
      </div>


 <!-- Promo -->
 <!--<marquee behavior="scroll" direction="left" class="glow">Get 20% off all orders! Use Code at Checkout!</marquee>-->






<!------ Include the above in your HEAD tag ---------->


<!-- Modal -->
<div id="myModal" class="modal fade" role="dialog">
  <div class="modal-dialog">

    <!-- Modal content-->
    <div class="modal-content">
      <div class="modal-header">
        <h4 class="modal-title">Your discount code</h4>
        <button type="button" class="close" data-dismiss="modal">&times;</button>
        
      </div>
      <div class="modal-body">
        <p>2016TATILRA50. Please enter this at checkout for 20% off!</p>
      </div>
      <div class="modal-footer">
        <button type="button" class="btn btn-default" data-dismiss="modal">Close</button>
      </div>
    </div>

  </div>
</div>


  <!-- Page Content -->
  <div class="container">

    <div class="row">

      <div class="col-lg-3">  
 
 <h1 class="my-4">Products</h1>
        <div class="list-group">
          <a href="#" class="list-group-item">Trainers</a>
          <a href="#" class="list-group-item">Boots</a>
          <a href="#" class="list-group-item">Heels</a>


        </div>
        <h1> Twitter feed </h1>

        <a class="twitter-timeline" href="https://twitter.com/nabiilah_xo?ref_src=twsrc%5Etfw">Tweets by nabiilah_xo</a> <script async src="https://platform.twitter.com/widgets.js" charset="utf-8"></script>

      </div>
      <!-- /.col-lg-3 -->

      <div class="col-lg-9">

        <div id="carouselExampleIndicators" class="carousel slide" data-ride="carousel">
              <ol class="carousel-indicators">
                <li data-target="#carouselExampleIndicators" data-slide-to="0" class="active"></li>
                <li data-target="#carouselExampleIndicators" data-slide-to="1"></li>
                <li data-target="#carouselExampleIndicators" data-slide-to="2"></li>
              </ol>
              <div class="carousel-inner">
                <div class="carousel-item active">
                  <img class="d-block imgwidth" src="https://c.static-nike.com/a/images/t_PDP_864_v1/f_auto,b_rgb:f5f5f5/bp0wnyhhjflc6x9t3xex/zoom-2k-shoe-XtKZHq.jpg" alt="First slide">
                  <div class="carousel-caption captioncolor d-none d-md-block">
                      <h5>Nike trainers</h5>
                      <p>On sale. Now £39.99</p>
                    </div>
                </div>
                <div class="carousel-item">
                  <img class="d-block imgwidth" src="https://i8.amplience.net/i/jpl/jd_132119_a?qlt=100&w=787&h=557&v=1&fmt=webp" alt="Second slide">
                </div>
                <div class="carousel-item">
                  <img class="d-block0 imgwidth" src="https://i1.adis.ws/i/drmartens/12308001.80.jpg?$medium$" alt="Third slide">
                </div>
              </div>
              <a class="carousel-control-prev" href="#carouselExampleIndicators" role="button" data-slide="prev">
                <span class="carousel-control-prev-icon" aria-hidden="true"></span>
                <span class="sr-only">Previous</span>
              </a>
              <a class="carousel-control-next" href="#carouselExampleIndicators" role="button" data-slide="next">
                <span class="carousel-control-next-icon" aria-hidden="true"></span>
                <span class="sr-only">Next</span>
              </a>
          </div>

        <section id="products">
        <div class="row">

          <div class="col-lg-4 col-md-6 mb-4">
            <div class="card h-100">
              <a href="#"><iframe width="255" height="200"
src="https://www.youtube.com/embed/TqIzBrxQN4k?autoplay=1">
</iframe></a>
              <div class="card-body">
                <h4 class="card-title">
                  <a href="/prodone/">Summer Sandels</a>
                </h4>
                <h5>£24.99</h5>
                <p class="card-text">Lorem ipsum dolor sit amet, consectetur adipisicing elit. Amet numquam aspernatur!</p>
              </div>
              <div class="card-footer">
                <a href="#"></a> <small class="text-muted">&#9733; &#9733; &#9733; &#9733; &#9734;</small>
              </div>
            </div>
          </div>

          <div class="col-lg-4 col-md-6 mb-4">
            <div class="card h-100">
               <a href="#"><iframe width="255" height="200"
src="https://www.youtube.com/embed/-huND1xCm44?autoplay=1">
</iframe></a>
              <div class="card-body">
                <h4 class="card-title">
                  <a href="/prodtwo/">Item Two</a>
                </h4>
                <h5>$24.99</h5>
                <p class="card-text">Lorem ipsum dolor sit amet, consectetur adipisicing elit. Amet numquam aspernatur! Lorem ipsum dolor sit amet.</p>
              </div>
              <div class="card-footer">
               <a href="#"></a>  <small class="text-muted">&#9733; &#9733; &#9733; &#9734; &#9734;</small>
              </div>
            </div>
          </div>

          <div class="col-lg-4 col-md-6 mb-4">
            <div class="card h-100">
             <a href="#"><iframe width="255" height="200"
src="https://www.youtube.com/embed/WivwBB3caCk?autoplay=1">
</iframe></a>
              <div class="card-body">
                <h4 class="card-title">
                  <a href="/prodthree/">Item Three</a>
                </h4>
                <h5>$24.99</h5>
                <p class="card-text">Lorem ipsum dolor sit amet, consectetur adipisicing elit. Amet numquam aspernatur!</p>
              </div>
              <div class="card-footer">
              <a href="#"></a> <small class="text-muted">&#9733; &#9733; &#9733; &#9733; &#9734;</small>
              </div>
            </div>
          </div>

          <div class="col-lg-4 col-md-6 mb-4">
            <div class="card h-100">
              <a href="#"><img class="card-img-top" src="http://placehold.it/700x400" alt=""></a>
              <div class="card-body">
                <h4 class="card-title">
                  <a href="#">Item Four</a>
                </h4>
                <h5>$24.99</h5>
                <p class="card-text">Lorem ipsum dolor sit amet, consectetur adipisicing elit. Amet numquam aspernatur!</p>
              </div>
              <div class="card-footer">
               <a href="#"></a> <small class="text-muted">&#9733; &#9733; &#9733; &#9733; &#9734;</small>
              </div>
            </div>
          </div>

          <div class="col-lg-4 col-md-6 mb-4">
            <div class="card h-100">
              <a href="#"><img class="card-img-top" src="http://placehold.it/700x400" alt=""></a>
              <div class="card-body">
                <h4 class="card-title">
                  <a href="#">Item Five</a>
                </h4>
                <h5>$24.99</h5>
                <p class="card-text">Lorem ipsum dolor sit amet, consectetur adipisicing elit. Amet numquam aspernatur! Lorem ipsum dolor sit amet.</p>
              </div>
              <div class="card-footer">
               <a href="#"></a> <small class="text-muted">&#9733; &#9733; &#9733; &#9733; &#9734;</small>
              </div>
            </div>
          </div>

          <div class="col-lg-4 col-md-6 mb-4">
            <div class="card h-100">
              <a href="#"><img class="card-img-top" src="http://placehold.it/700x400" alt=""></a>
              <div class="card-body">
                <h4 class="card-title">
                  <a href="#">Item Six</a>
                </h4>
                <h5>$24.99</h5>
                <p class="card-text">Lorem ipsum dolor sit amet, consectetur adipisicing elit. Amet numquam aspernatur!</p>
              </div>
              <div class="card-footer">
              <a href="#"></a> <small class="text-muted">&#9733; &#9733; &#9733; &#9733; &#9734;</small>
              </div>
            </div>
          </div>

        </div>
      </section>

   
        <!-- /.row -->

      </div>
      <!-- /.col-lg-9 -->

    </div>
    <!-- /.row -->

  </div>


<div class="container">
  <div class="row bg-info card my-4 mb-3 pd-l-2">
    <h3>
        <span class="fa fa-question-circle text-white"></span>
        Frequently asked questions
    </h3>
  </div>
  
  <div class="row">
      <p class="col-sm-6 col-md-12">
      Below, we answer some the most frequently asked Questions on our platform
      </p>
  
      <ul id="accordion" class="col-sm-6 col-md-12">
          <!-- Question one -->
          <li>
              <div id="choose" data-toggle="collapse" data-target="#collapseOne" aria-expanded="true" aria-controls="collapseOne" >
                  How often do you upgrade the system ?
                  <span class="fa fa-chevron-up fa-1x text-info pull-right"></span>
              </div>
              <div id="collapseOne" class="collapse show" aria-labelledby="headingOne" data-parent="#accordion">
                  <div class="card-body">
                    Anim pariatur cliche reprehenderit, enim eiusmod high life accusamus terry richardson ad squid. 3 wolf moon officia aute, non cupidatat skateboard dolor brunch. Food truck quinoa nesciunt laborum eiusmod. Brunch 3 wolf moon tempor, sunt aliqua put a bird on it squid single-origin coffee nulla assumenda shoreditch et. Nihil anim keffiyeh helvetica, craft beer labore wes anderson cred nesciunt sapiente ea proident. Ad vegan excepteur butcher vice lomo. Leggings occaecat craft beer farm-to-table, raw denim aesthetic synth nesciunt you probably haven't heard of them accusamus labore sustainable VHS.
                  </div>
                </div>
          </li>
          
          <!-- Question two -->
          <li>
              <div class="collapsed" data-toggle="collapse" data-target="#collapseTwo" aria-expanded="false" aria-controls="collapseTwo">
                  Where do I go incase I have a complaint?
                  <span class="fa fa-chevron-down fa-1x text-info pull-right"></span>
              </div>
                <div id="collapseTwo" class="collapse" aria-labelledby="headingTwo" data-parent="#accordion">
                  <div class="card-body">
                    Anim pariatur cliche reprehenderit, enim eiusmod high life accusamus terry richardson ad squid. 3 wolf moon officia aute, non cupidatat skateboard dolor brunch. Food truck quinoa nesciunt laborum eiusmod. Brunch 3 wolf moon tempor, sunt aliqua put a bird on it squid single-origin coffee nulla assumenda shoreditch et. Nihil anim keffiyeh helvetica, craft beer labore wes anderson cred nesciunt sapiente ea proident. Ad vegan excepteur butcher vice lomo. Leggings occaecat craft beer farm-to-table, raw denim aesthetic synth nesciunt you probably haven't heard of them accusamus labore sustainable VHS.
                  </div>
                </div>
          </li>
          
          <!-- Question three -->
          <li>
              <div class="collapsed" data-toggle="collapse" data-target="#collapseThree" aria-expanded="false" aria-controls="collapseThree">
                  Do you have any outlets in the country ?
                  <span class="fa fa-chevron-down fa-1x text-info pull-right"></span>
              </div>
                <div id="collapseThree" class="collapse" aria-labelledby="headingThree" data-parent="#accordion">
                  <div class="card-body">
                    Anim pariatur cliche reprehenderit, enim eiusmod high life accusamus terry richardson ad squid. 3 wolf moon officia aute, non cupidatat skateboard dolor brunch. Food truck quinoa nesciunt laborum eiusmod. Brunch 3 wolf moon tempor, sunt aliqua put a bird on it squid single-origin coffee nulla assumenda shoreditch et. Nihil anim keffiyeh helvetica, craft beer labore wes anderson cred nesciunt sapiente ea proident. Ad vegan excepteur butcher vice lomo. Leggings occaecat craft beer farm-to-table, raw denim aesthetic synth nesciunt you probably haven't heard of them accusamus labore sustainable VHS.
                  </div>
                </div>
          </li>
          
          <!-- Question Four -->
          <li>
              <div class="collapsed" data-toggle="collapse" data-target="#collapseFour" aria-expanded="false" aria-controls="collapseFour">
                  How can I file a complaint?
                  <span class="fa fa-chevron-down fa-1x text-info pull-right"></span>
              </div>
                <div id="collapseFour" class="collapse" aria-labelledby="headingFour" data-parent="#accordion">
                  <div class="card-body">
                    Anim pariatur cliche reprehenderit, enim eiusmod high life accusamus terry richardson ad squid. 3 wolf moon officia aute, non cupidatat skateboard dolor brunch. Food truck quinoa nesciunt laborum eiusmod. Brunch 3 wolf moon tempor, sunt aliqua put a bird on it squid single-origin coffee nulla assumenda shoreditch et. Nihil anim keffiyeh helvetica, craft beer labore wes anderson cred nesciunt sapiente ea proident. Ad vegan excepteur butcher vice lomo. Leggings occaecat craft beer farm-to-table, raw denim aesthetic synth nesciunt you probably haven't heard of them accusamus labore sustainable VHS.
                  </div>
                </div>
          </li>
          
          <!-- Questiion Five -->
          <li>
              <div class="collapsed" data-toggle="collapse" data-target="#collapseFive" aria-expanded="false" aria-controls="collapseFive">
                  How can I join the team?
                  <span class="fa fa-chevron-down fa-1x text-info pull-right"></span>
              </div>
                <div id="collapseFive" class="collapse" aria-labelledby="headingFive" data-parent="#accordion">
                  <div class="card-body">
                    Anim pariatur cliche reprehenderit, enim eiusmod high life accusamus terry richardson ad squid. 3 wolf moon officia aute, non cupidatat skateboard dolor brunch. Food truck quinoa nesciunt laborum eiusmod. Brunch 3 wolf moon tempor, sunt aliqua put a bird on it squid single-origin coffee nulla assumenda shoreditch et. Nihil anim keffiyeh helvetica, craft beer labore wes anderson cred nesciunt sapiente ea proident. Ad vegan excepteur butcher vice lomo. Leggings occaecat craft beer farm-to-table, raw denim aesthetic synth nesciunt you probably haven't heard of them accusamus labore sustainable VHS.
                  </div>
                </div>
          </li>
          
          <!-- Question Six-->
          <li>
              <div class="collapsed" data-toggle="collapse" data-target="#collapseSix" aria-expanded="false" aria-controls="collapseSix">
                  In case I forgot my password, what do I do?
                  <span class="fa fa-chevron-down fa-1x text-info pull-right"></span>
              </div>
                <div id="collapseSix" class="collapse" aria-labelledby="headingTwo" data-parent="#accordion">
                  <div class="card-body">
                    Anim pariatur cliche reprehenderit, enim eiusmod high life accusamus terry richardson ad squid. 3 wolf moon officia aute, non cupidatat skateboard dolor brunch. Food truck quinoa nesciunt laborum eiusmod. Brunch 3 wolf moon tempor, sunt aliqua put a bird on it squid single-origin coffee nulla assumenda shoreditch et. Nihil anim keffiyeh helvetica, craft beer labore wes anderson cred nesciunt sapiente ea proident. Ad vegan excepteur butcher vice lomo. Leggings occaecat craft beer farm-to-table, raw denim aesthetic synth nesciunt you probably haven't heard of them accusamus labore sustainable VHS.
                  </div>
                </div>
          </li>
      </ul>
  </div>
</div>

<!--<script>

  $(function(){
    //$(".chevron-down").
    $("div[data-toggle=collapse]").click(function(){
        $(this).children('span').toggleClass("fa-chevron-down fa-chevron-up");
    });
})
  

</script>-->






   <section class="bg-light" id="contact">
      <div class="container">
        <div class="row">
          <div class="col-lg-12 text-center">
            <h2 class="section-heading text-uppercase">Contact Us</h2>
            <h3 class="section-subheading text-muted">Get in touch with us, We would be happy to help!</h3>
          </div>
        </div>
        <div class="row">
          <div class="col-lg-12">
            <form id="contactForm" name="sentMessage" method="POST" action="{% url 'send' %}">
              {% csrf_token %}
              <div class="row">
                <div class="col-md-6">
                  <div class="form-group">
                    <input name="cpname" class="form-control" id="name" type="text" placeholder="Your Name *" required="required" data-validation-required-message="Please enter your name.">
                    <p class="help-block text-danger"></p>
                  </div>
                  <div class="form-group">
                    <input name="cpemail" class="form-control" id="email" type="email" placeholder="Your Email *" required="required" data-validation-required-message="Please enter your email address.">
                    <p class="help-block text-danger"></p>
                  </div>
                  <div class="form-group">
                    <input name="cpphone" class="form-control" id="phone" type="tel" pattern="[0-9]{4}[0-9]{3}[0-9]{4}" placeholder="Mobile Number" required="required" data-validation-required-message="Please enter your phone number.">
                    <p class="help-block text-danger"></p>
                  </div>
                </div>
                <div class="col-md-6">
                  <div class="form-group">
                    <textarea name="cpmessage" class="form-control" id="message" placeholder="Your Message *" required="required" data-validation-required-message="Please enter a message."></textarea>
                    <p class="help-block text-danger"></p>
                  </div>
                </div>
                <div class="clearfix"></div>
                <div class="col-lg-12 text-center">
                  <div id="success"></div>
                  <button id="sendMessageButton" class="btn btn-primary btn-xl text-uppercase" type="submit">Send Message</button>
                </div>
              </div>
            </form>
          </div>
        </div>
      </div>
    </section>


    <div>
          <strong class="download-app-txt">DOWNLOAD THE GoldenShoe APP</strong>
          <div class="download-app-sec" data-ga-block="UNLCKD Download App" data-ga-parent="2">
            <a href="https://itunes.apple.com/gb/app/footasylum/id486355345" data-ga-index="1" data-ga-scanned="true"> <img position=center src="https://www.footasylum.com/images/articles/footer/AppleStore.svg" alt="Apple App"> </a>
            <a href="https://play.google.com/store/apps/details?id=com.footasylum.footasylumapp" data-ga-index="2" data-ga-scanned="true"> <img position=center src="https://www.footasylum.com/images/articles/footer/GooglePlay.svg" alt="Google play app" vertical-align: middle;> </a>
          </div>
      </div>



  <!-- /.container -->

  <!-- Footer -->
  <footer class="py-5 footercolour">
    <div class="container">
      <p class="m-0 text-center text-white">Copyright &copy; GoldenShoe 2019</p>
    </div>
    <!-- /.container -->
  </footer>

  <!-- Bootstrap core JavaScript -->

<button class="open-button" onclick="openForm()">Live Chat</button>

<div class="chat-popup" id="myForm">
  <form action="/action_page.php" class="form-container">
    <h1>Chat</h1>

    <label for="msg"><b>Message</b></label>
    <textarea placeholder="Type message.." name="msg" required></textarea>

    <button type="submit" class="btn">Send</button>
    <button type="button" class="btn cancel" onclick="closeForm()">Close</button>
  </form>
</div>


            
  <script>
    function mynumber(){
  var tracking = $('#track').val()
  alert(tracking);
}
</script>


<script>
function openForm() {
  document.getElementById("myForm").style.display = "block";
}

function closeForm() {
  document.getElementById("myForm").style.display = "none";
}
</script>
</body>

</html>
