{% load staticfiles %}

<!DOCTYPE html>
<!------ Include the above in your HEAD tag ---------->

<head>

  <meta charset="utf-8">
  <meta name="viewport" content="width=device-width, initial-scale=1, shrink-to-fit=no">
  <meta name="description" content="">
  <meta name="author" content="">

  <title>Golden Shoe</title>

  <!-- Bootstrap core CSS -->
  <link href="https://stackpath.bootstrapcdn.com/bootstrap/4.3.1/css/bootstrap.min.css" rel="stylesheet" id="bootstrap-css">

  <!-- Custom styles for this template -->

<script src="//cdnjs.cloudflare.com/ajax/libs/jquery/3.2.1/jquery.min.js"></script>

 
  <script src="https://code.jquery.com/jquery-3.2.1.slim.min.js" integrity="sha384-KJ3o2DKtIkvYIK3UENzmM7KCkRr/rE9/Qpg6aAZGJwFDMVNA/GpGFF93hXpG5KkN" crossorigin="anonymous"></script>
<script src="https://cdnjs.cloudflare.com/ajax/libs/popper.js/1.12.9/umd/popper.min.js" integrity="sha384-ApNbgh9B+Y1QKtv3Rn7W3mgPxhU9K/ScQsAP7hUibX39j7fakFPskvXusvfa0b4Q" crossorigin="anonymous"></script>
<script src="https://maxcdn.bootstrapcdn.com/bootstrap/4.0.0/js/bootstrap.min.js" integrity="sha384-JZR6Spejh4U02d8jOt6vLEHfe/JQGiRRSQQxSfFWpi1MquVdAyjUar5+76PVCmYl" crossorigin="anonymous"></script>
<link href="https://maxcdn.bootstrapcdn.com/font-awesome/4.7.0/css/font-awesome.min.css" rel="stylesheet">

 <link href="{% static '/css/shop-homepage.css' %}" rel="stylesheet">
  <link href="{% static '/css/track.css' %}" rel="stylesheet"> 
   


</head>

<body>

<nav class="navbar navbar-expand-lg navedit navbar-dark fixed-top">
    <div class="container">
      <a class="navbar-brand" href="{% url 'home' %}">Golden Shoe</a>
      <button class="navbar-toggler" type="button" data-toggle="collapse" data-target="#navbarResponsive" aria-controls="navbarResponsive" aria-expanded="false" aria-label="Toggle navigation">
        <span class="navbar-toggler-icon"></span>
      </button>

            <form class="form-inline my-2 my-lg-0">
                <div class="input-group input-group-sm">
                    <input type="text" class="form-control" aria-label="Small" aria-describedby="inputGroup-sizing-sm" placeholder="Search...">
                    <div class="input-group-append">
                        <button type="button" class="btn btn-secondary btn-number">
                            <i class="fa fa-search"></i>
                        </button>
                    </div>
                </div>
              </form>
      <div class="collapse navbar-collapse" id="navbarResponsive">
        <ul class="navbar-nav ml-auto">
          <li class="nav-item active">
            <a class="nav-link" href="{% url 'home' %}">Home
              <span class="sr-only">(current)</span>
            </a>
          </li>
          <li class="nav-item">
            <a class="nav-link" href="/track/">Order Tracking</a>
          </li>
          <li class="nav-item">
            <a class="nav-link" href="#products">Products</a>
          </li>
          <li class="nav-item">
            <a class="nav-link" href="#contact">Contact</a>
          </li>
              <a class="btn btn-success btn-sm ml-3" href="#">
                    <i class="fa fa-shopping-cart"></i> Checkout
                    <span class="badge badge-light">2</span>
                </a>
        </ul>
      </div>
    </div>
  </nav>



<div class="row shop-tracking-status">
    
    <div class="col-md-12">
        <div class="well">
    
            <div class="form-horizontal">
                <div class="form-group">
                    <label for="inputOrderTrackingID" class="col-sm-2 control-label">Order id</label>
                        <div class="col-sm-10">
                        <input type="text" class="form-control" id="inputOrderTrackingID" value="" placeholder="# put your order id here">
                        
                    </div>
                </div>
                <div class="form-group">
                    <div class="col-sm-offset-2 col-sm-10">
                        <button type="button" id="shopGetOrderStatusID" onclick="mynumber()" class="btn btn-success">Get status</button>
                    </div>
                </div>
            </div>

        
        <div class="showhide">
            <h4>Your order status:</h4>

            <ul class="list-group">
              <li class="list-group-item">
                    <span class="prefix">Order ID:</span>
                    <span class="label label-success orderid"></span>
                </li>
                <li class="list-group-item">
                    <span class="prefix">Date created:</span>
                    <span class="label label-success">12.12.2013</span>
                </li>
                <li class="list-group-item">
                    <span class="prefix">Last update:</span>
                    <span class="label label-success">12.15.2013</span>
                </li>
                <li class="list-group-item">
                    <span class="prefix">Comment:</span>
                    <span class="label label-success">customer's comment goes here</span>
                </li>
                <li class="list-group-item">You can find out latest status of your order with the following link:</li>
                <li class="list-group-item"><a href="//tracking/link/goes/here">//tracking/link/goes/here</a></li>
            </ul>

            <div class="order-status">

                <div class="order-status-timeline">
                    <!-- class names: c0 c1 c2 c3 and c4 -->
                    <div class="order-status-timeline-completion c3"></div>
                </div>

                <div class="image-order-status image-order-status-new active img-circle">
                    <span class="status">Accepted</span>
                    <div class="icon"></div>
                </div>
                <div class="image-order-status image-order-status-active active img-circle">
                    <span class="status">In progress</span>
                    <div class="icon"></div>
                </div>
                <div class="image-order-status image-order-status-intransit active img-circle">
                    <span class="status">Shipped</span>
                    <div class="icon"></div>
                </div>
                <div class="image-order-status image-order-status-delivered active img-circle">
                    <span class="status">Delivered</span>
                    <div class="icon"></div>
                </div>
                <div class="image-order-status image-order-status-completed active img-circle">
                    <span class="status">Completed</span>
                    <div class="icon"></div>
                </div>

            </div>
          </div>
        </div>
    </div>

</div>
<script>
  $( document ).ready(function() {
    $('.showhide').hide();
});
</script>

 <script>
    function mynumber(){
  var tracking = $('#inputOrderTrackingID').val()
  $('.showhide').show();
  $(".orderid").text(tracking);
}
</script>

<button class="open-button" onclick="openForm()">Live Chat</button>

<div class="chat-popup" id="myForm">
  <form action="/action_page.php" class="form-container">
    <h1>Chat</h1>

    <label for="msg"><b>Message</b></label>
    <textarea placeholder="Type message.." name="msg" required></textarea>

    <button type="submit" class="btn">Send</button>
    <button type="button" class="btn cancel" onclick="closeForm()">Close</button>
  </form>
</div>

<script>
function openForm() {
  document.getElementById("myForm").style.display = "block";
}

function closeForm() {
  document.getElementById("myForm").style.display = "none";
}
</script>

</body>
</html>